// Jest Snapshot v1, https://goo.gl/fbAQLP

exports[`BookingInfoCard renders with minimal props 1`] = `
<div
  className="flex flex-col h-96 lg:h-36 lg:flex-row w-full gap-5"
>
  <div
    className="bg-white  rounded-lg shadow flex-1 flex justify-start"
  >
    <div
      className="flex gap-6 items-center ml-9"
    >
      <div
        className="undefined p-5 rounded-2xl"
        id="bookingMetricIcon"
      />
      <div
        className=""
      >
        <p
          className="text-gray-500 font-light text-sm"
          id="bookingMetricText"
        />
        <p
          className="text-xl font-bold"
          id="bookingMetricMessage"
        />
      </div>
    </div>
  </div>
</div>
`;
